Traceback (most recent call last):
  File "/Users/onkarj012/Projects/market/meridian/ingest/optinet_data.py", line 186, in _iter_csv
    yield normalizer(row, *args, source_path=csv_path)
          ~~~~~~~~~~^^^^^^^^^^^^^^^^^^^^^^^^^^^^^^^^^^
  File "/Users/onkarj012/Projects/market/meridian/ingest/optinet_data.py", line 149, in normalize_index_futures_minute_row
    "oi": _positive_number(row.get("oi"), "oi"),
          ~~~~~~~~~~~~~~~~^^^^^^^^^^^^^^^^^^^^^
  File "/Users/onkarj012/Projects/market/meridian/ingest/optinet_data.py", line 55, in _positive_number
    raise ValueError(f"{field} must be > 0")
ValueError: oi must be > 0

The above exception was the direct cause of the following exception:

Traceback (most recent call last):
  File "/Users/onkarj012/Projects/market/meridian/scripts/run_optinet_sleeve_f_full.py", line 410, in <module>
    main()
    ~~~~^^
  File "/Users/onkarj012/Projects/market/meridian/scripts/run_optinet_sleeve_f_full.py", line 241, in main
    summary = run(
        data_root=args.data_root,
    ...<6 lines>...
        output=args.output,
    )
  File "/Users/onkarj012/Projects/market/meridian/scripts/run_optinet_sleeve_f_full.py", line 107, in run
    rows, rows_remaining = _load_rows(path, rows_remaining)
                           ~~~~~~~~~~^^^^^^^^^^^^^^^^^^^^^^
  File "/Users/onkarj012/Projects/market/meridian/scripts/run_optinet_sleeve_f_full.py", line 333, in _load_rows
    rows = list(iter_nifty_futures_minute_file(path, limit=limit))
  File "/Users/onkarj012/Projects/market/meridian/ingest/optinet_data.py", line 203, in iter_nifty_futures_minute_file
    yield from _iter_csv(Path(path), normalize_index_futures_minute_row, limit=limit)
  File "/Users/onkarj012/Projects/market/meridian/ingest/optinet_data.py", line 188, in _iter_csv
    raise ValueError(f"{csv_path}:{line_number}: {exc}") from exc
ValueError: /Users/onkarj012/Projects/market/intranet_optinet/data/option_data/nifty_data/nifty_fut/2021/5/nifty_fut_14_05_2021.csv:3: oi must be > 0
